// Vitest Snapshot v1, https://vitest.dev/guide/snapshot.html

exports[`snapshot test 1`] = `
{
  "Parameters": {
    "BootstrapVersion": {
      "Default": "/cdk-bootstrap/hnb659fds/version",
      "Description": "Version of the CDK Bootstrap resources in this environment, automatically retrieved from SSM Parameter Store. [cdk:skip]",
      "Type": "AWS::SSM::Parameter::Value<String>",
    },
  },
  "Resources": {
    "DataAnalysisSystemathenaresultEE5A72C5": {
      "DeletionPolicy": "Retain",
      "Properties": {
        "BucketName": {
          "Fn::Join": [
            "",
            [
              "athena-result-",
              {
                "Ref": "AWS::AccountId",
              },
              "-",
              {
                "Ref": "AWS::Region",
              },
            ],
          ],
        },
      },
      "Type": "AWS::S3::Bucket",
      "UpdateReplacePolicy": "Retain",
    },
    "DataAnalysisSystemathenaworkgroup24F04E37": {
      "Properties": {
        "Name": "sample-workgroup",
        "WorkGroupConfiguration": {
          "ResultConfiguration": {
            "OutputLocation": {
              "Fn::Join": [
                "",
                [
                  "s3://",
                  {
                    "Ref": "DataAnalysisSystemathenaresultEE5A72C5",
                  },
                ],
              ],
            },
          },
        },
      },
      "Type": "AWS::Athena::WorkGroup",
    },
    "DataLakeSystemConvertedDataBucketC98B3E80": {
      "DeletionPolicy": "Retain",
      "Properties": {
        "BucketName": {
          "Fn::Join": [
            "",
            [
              "converted-data-bucket-",
              {
                "Ref": "AWS::AccountId",
              },
              "-",
              {
                "Ref": "AWS::Region",
              },
            ],
          ],
        },
      },
      "Type": "AWS::S3::Bucket",
      "UpdateReplacePolicy": "Retain",
    },
    "DataLakeSystemDatabase4F26BF7D": {
      "Properties": {
        "CatalogId": {
          "Ref": "AWS::AccountId",
        },
        "DatabaseInput": {
          "Name": "sample-db",
        },
      },
      "Type": "AWS::Glue::Database",
    },
    "DataLakeSystemRawDataBucket90764715": {
      "DeletionPolicy": "Retain",
      "Properties": {
        "BucketName": {
          "Fn::Join": [
            "",
            [
              "raw-data-bucket-",
              {
                "Ref": "AWS::AccountId",
              },
              "-",
              {
                "Ref": "AWS::Region",
              },
            ],
          ],
        },
      },
      "Type": "AWS::S3::Bucket",
      "UpdateReplacePolicy": "Retain",
    },
    "DataLakeSystemRoleforGlueJob4A4C7B58": {
      "Properties": {
        "AssumeRolePolicyDocument": {
          "Statement": [
            {
              "Action": "sts:AssumeRole",
              "Effect": "Allow",
              "Principal": {
                "Service": "glue.amazonaws.com",
              },
            },
          ],
          "Version": "2012-10-17",
        },
        "ManagedPolicyArns": [
          {
            "Fn::Join": [
              "",
              [
                "arn:",
                {
                  "Ref": "AWS::Partition",
                },
                ":iam::aws:policy/service-role/AWSGlueServiceRole",
              ],
            ],
          },
        ],
        "RoleName": "Role-DataConversion-GlueJob",
      },
      "Type": "AWS::IAM::Role",
    },
    "DataLakeSystemRoleforGlueJobDefaultPolicyBFDD402D": {
      "Properties": {
        "PolicyDocument": {
          "Statement": [
            {
              "Action": [
                "s3:GetObject*",
                "s3:GetBucket*",
                "s3:List*",
              ],
              "Effect": "Allow",
              "Resource": [
                {
                  "Fn::GetAtt": [
                    "DataLakeSystemRawDataBucket90764715",
                    "Arn",
                  ],
                },
                {
                  "Fn::Join": [
                    "",
                    [
                      {
                        "Fn::GetAtt": [
                          "DataLakeSystemRawDataBucket90764715",
                          "Arn",
                        ],
                      },
                      "/*",
                    ],
                  ],
                },
              ],
            },
            {
              "Action": [
                "s3:DeleteObject*",
                "s3:PutObject",
                "s3:PutObjectLegalHold",
                "s3:PutObjectRetention",
                "s3:PutObjectTagging",
                "s3:PutObjectVersionTagging",
                "s3:Abort*",
              ],
              "Effect": "Allow",
              "Resource": [
                {
                  "Fn::GetAtt": [
                    "DataLakeSystemConvertedDataBucketC98B3E80",
                    "Arn",
                  ],
                },
                {
                  "Fn::Join": [
                    "",
                    [
                      {
                        "Fn::GetAtt": [
                          "DataLakeSystemConvertedDataBucketC98B3E80",
                          "Arn",
                        ],
                      },
                      "/*",
                    ],
                  ],
                },
              ],
            },
          ],
          "Version": "2012-10-17",
        },
        "PolicyName": "DataLakeSystemRoleforGlueJobDefaultPolicyBFDD402D",
        "Roles": [
          {
            "Ref": "DataLakeSystemRoleforGlueJob4A4C7B58",
          },
        ],
      },
      "Type": "AWS::IAM::Policy",
    },
    "DataLakeSystemSampleTableD6406863": {
      "Properties": {
        "CatalogId": {
          "Ref": "AWS::AccountId",
        },
        "DatabaseName": {
          "Ref": "DataLakeSystemDatabase4F26BF7D",
        },
        "TableInput": {
          "Description": "sample-table generated by CDK",
          "Name": "sample-table",
          "Parameters": {
            "classification": "parquet",
            "has_encrypted_data": true,
          },
          "PartitionKeys": [
            {
              "Name": "year",
              "Type": "string",
            },
            {
              "Name": "month",
              "Type": "string",
            },
            {
              "Name": "day",
              "Type": "string",
            },
          ],
          "StorageDescriptor": {
            "Columns": [
              {
                "Name": "id",
                "Type": "string",
              },
              {
                "Name": "datetime",
                "Type": "timestamp",
              },
              {
                "Name": "value",
                "Type": "int",
              },
              {
                "Name": "message",
                "Type": "string",
              },
            ],
            "Compressed": false,
            "InputFormat": "org.apache.hadoop.hive.ql.io.parquet.MapredParquetInputFormat",
            "Location": {
              "Fn::Join": [
                "",
                [
                  "s3://",
                  {
                    "Ref": "DataLakeSystemConvertedDataBucketC98B3E80",
                  },
                  "/",
                ],
              ],
            },
            "OutputFormat": "org.apache.hadoop.hive.ql.io.parquet.MapredParquetOutputFormat",
            "SerdeInfo": {
              "SerializationLibrary": "org.apache.hadoop.hive.ql.io.parquet.serde.ParquetHiveSerDe",
            },
            "StoredAsSubDirectories": false,
          },
          "TableType": "EXTERNAL_TABLE",
        },
      },
      "Type": "AWS::Glue::Table",
    },
  },
  "Rules": {
    "CheckBootstrapVersion": {
      "Assertions": [
        {
          "Assert": {
            "Fn::Not": [
              {
                "Fn::Contains": [
                  [
                    "1",
                    "2",
                    "3",
                    "4",
                    "5",
                  ],
                  {
                    "Ref": "BootstrapVersion",
                  },
                ],
              },
            ],
          },
          "AssertDescription": "CDK bootstrap stack version 6 required. Please run 'cdk bootstrap' with a recent version of the CDK CLI.",
        },
      ],
    },
  },
}
`;
